#OTU ID	prev	p
4b5eeb300368260019c1fbc7a3c718fc	13	0.969178717093066
fe30ff0f71a38a39cf1717ec2be3a2fc	16	0.566066673408164
d29fe3c70564fc0f69f2c03e0d1e5561	25	0.0194749864521833
868528ca947bc57b69ffdf83e6b73bae	10	0.383948899145523
154709e160e8cada6bfb21115acc80f5	13	0.969178717093066
1d2e5f3444ca750c85302ceee2473331	23	0.0077899945808733
0305a4993ecf2d8ef4149fdfc7592603	11	0.992210005419127
cb2fe0146e2fbcb101050edb996a0ee2	16	0.99953652206155
997056ba80681bbbdd5d09aa591eadc0	16	0.0001090536325764
3c9c437f27aca05f8db167cd080ff1ec	14	1.90843857009128e-05
9079bfebcce01d4b5c758067b1208c31	11	0.992210005419127
bfbed36e63b69fec4627424163d20118	15	0.999119391916945
90d32ffe026535b392c0bad850f213c4	7	0.955322089903815
ab4ef4399912b0507d8d1187e874684d	8	0.0007440431931696
d86ef5d6394f5dbeb945f39aa25e7426	12	0.995258264168164
a049763053c277b16c2a318f41eb23b4	13	0.997198065190279
699071a4a7ce68918e4cd93a61275ecd	14	1.90843857009128e-05
cdd14cce4ec44b3235923652b71e947e	7	0.436588038997579
7e598ad34909a3fb8ff1623f1ede11a6	12	0.995258264168164
b44621e5c80607cdfacbf7a81e1cbe41	26	0.0297852733974569
e8e6b7fc969005938de8ac7ffb94f17c	19	0.0008806080830552
535696cecf56f03d3401d7d6dbe66d7b	9	0.980525013547817
9f718b8f66b79c3de80546ca9a54539c	15	4.77109642521708e-05
f352c1f1efecf483511c2270aabd0ae6	3	0.807820855614973
fd86856409fe6433d719558a30910515	16	0.566066673408164
44ff26d8105cf822417b4b0c4eb27c02	10	0.987536008670603
ad41fe8f8be5b01c96549309937e3b14	13	0.997198065190279
909755d7142ea53c7f61c97c3586f26c	4	0.863614800759013
fcd4f95c05b868060121ff709085bf21	14	0.998398894394445
ab6b063ed43d8cb3008e157a0a305c47	6	0.934158869331937
57b34afdff2e84fb9b0befd219edcb38	3	0.807820855614973
047b7fb62a5e9d2711e639ae1cb1519a	10	1.04859262093078e-05
0160e14a78b18b903618f11bc732746e	7	0.955322089903815
e7c8b8c8fced8eead4b767bffe6dd544	8	0.821288359615259
d2613a43f4ed1dda8a673e7fb251ebef	5	0.904530360531309
e31b5affbe5e23b79a8619589f3b6620	11	0.753057171786315
7dd9c9124ec3f118a6cef1f0d422c011	3	0.807820855614973
67e23140639733766b7e127f50221289	14	0.998398894394445
01e0b7ac306895be84179f2715af269b	6	0.934158869331937
500d6b485cef4c52aad211d6d6e6dbc7	6	0.934158869331937
1685b25b43eb070cd7655de8c2d8c0a4	13	0.997198065190279
db793caa585e078770021a7979ae8ea2	7	0.955322089903815
ee0fb26fca3afb05e0b288d6fcab899e	8	0.970214726602543
d1d750ce3b00503c204516d27ca0d3b0	19	0.0008806080830552
ebe0e9790089ad4f40151cb4a3231a8f	17	0.0002317389692251
b685f8246fb6fad0fd91574c444b8f51	5	0.904530360531309
636c27859c1ac0a7994ca8ed145d03fe	9	0.980525013547817
f35ce9c514e1398308f5f84ed50b260f	6	0.102337415904778
79e9e337b10e2d298bb1b3bde946782d	9	0.980525013547817
0a69950e803a5d9e7166c450e44f43cf	7	0.955322089903815
e5c80b4a23b96b2fa35b6da6cac2bf73	3	0.807820855614973
9118606a87ac19f8d041da20f16f3236	5	0.904530360531309
d8e8459398f3f096775f4298666880a7	19	0.510912798732599
fba3d9b3872ff9021d66434323fb9565	5	0.0061130757288253
ae27459b7f5465815b1f565d792083ce	10	1.04859262093078e-05
4fdf8dcd9451f5742982d716fa9f0536	12	0.265544966168208
4ea5683e2c2a183c11c45dc8fbd0c67c	5	0.904530360531309
469e4ff2129066178b74b112829fc03c	3	0.807820855614973
6edca9464612efff71d8f97299f01663	4	0.0013584612730722
41fedaa9200e2933821f84ecdc0b0772	10	0.987536008670603
41735c13fb7f63db49b10fba5d959ce3	7	0.436588038997579
54d098d009b89779530eaf43a1bb136a	7	0.955322089903815
76174505aef45f134d8068d5ad2c42aa	9	0.980525013547817
b8afb7bb30b7a9170b7c6dcd40251d54	3	0.807820855614973
4c4606a3dbb4f5b8bb1ad1db6dfc5617	13	0.997198065190279
3ef461f213bfc675ddf0b1bfeef2dc52	5	0.904530360531309
1f50ac250618ced095a2a5c34bae7651	11	5.24296310449996e-07
b3d4d129c955517b446df657236ba5a2	5	0.904530360531309
fc15824cd9e9c29e1319d32843452b54	10	0.987536008670603
f8f937eeee7762f446a0e87292f98eb6	2	0.732620320855615
b2866fdca13681232057e3e85a1978cf	11	0.992210005419127
052128d7d424728578efe7852b0afd0d	6	0.934158869331937
fc5b641a0b0408d99ddfb2a5ba64da59	2	0.732620320855615
2514cdaab96a1a42cf15506f2ecf6439	11	5.24296310449996e-07
e0472171de6fa02a1f58e392ad3d000e	5	0.904530360531309
e063d1c3c9daf7390e5475e48d9b01c5	2	0.732620320855615
958bc15b660bce0b894665d13f910f5b	11	0.992210005419127
1b448e00c078f81e49a61933072345d2	6	0.934158869331937
2e55763e77234a7bfc3a311067a0c7e1	2	0.732620320855615
162ed46308ef9dd1600fb0fe7c90b186	3	0.807820855614973
9af77e369d2ba4b3bb6e0e808ed84d91	2	0.732620320855615
e77bac543df42865af751a32a2942fdb	7	0.0343585861890515
5ada68b9a081358e1a7d5f1d351e656a	10	1.04859262093078e-05
f8a71161ac98c5ceafcc75e57ace7230	5	0.604482922201138
26b8b1509edf09c438db1634308c3c90	7	0.436588038997579
3ae3e825c5e3862af6c17798e2b40a37	2	0.732620320855615
26133b4163fdcd22d86f4e04e74154f1	3	0.807820855614973
29a92aecac56c855cbfc0debf9bda0c8	8	0.970214726602543
e737a3a864791ec52f1398d83786f4f2	7	0.955322089903815
880968796af86b3d6270c228fe8e7026	5	0.904530360531309
81351ef6b4d49a3a6b2fc24745d70305	7	0.955322089903815
c4aad64f84f51ff331b986a67af4ed3d	9	0.980525013547817
79dcabe7f92f8cf2723b796dcd2f239f	6	0.690546685860106
7a5d5e6f85da7ca91daa2d803e8f9279	4	0.863614800759013
401d7866836c54f3cd18bd0fc814885e	11	0.992210005419127
75258a676bcd7e73c2437d6a2012d490	5	0.251121269622218
839fafb762395fab1ba257442ec29e7f	2	0.732620320855615
6b82e6cb771d45d6c925405b66299d7f	4	0.863614800759013
5c82bad13c4ebd2ed1bd23a8c2e37fc5	10	0.686383982873547
f59a4d48a03cc224462bf83e4d4ab126	6	0.934158869331937
eecc4a4317225eb579540e82ab785716	3	0.807820855614973
a895b66cac813ac67ce1c908259b646f	5	0.251121269622218
acfe4c003905a7074aeaf385b78ad9e0	3	0.807820855614973
684721318896ed01048f3502333c214d	3	0.807820855614973
2ff525a1e58c54525e7f2d68a6c0b23e	8	2.52806148246096e-05
d781fa7e866ac295ce9a56bd97912983	4	0.863614800759013
0b925631436d3775231b60f9d0011cae	10	0.987536008670603
a5551fc60aa8bbaab737487552ea2a75	2	0.732620320855615
a4c08e2c3a34038ea877b16d01736837	6	0.934158869331937
4075a90811bf9c19f02f5aa2ece6da37	5	0.904530360531309
4980b85712efeef1fc4563a9a949fe2e	2	0.732620320855615
f91c81859bf6eede55eef9c915dd8bab	4	0.863614800759013
5601f094afc823d75ccb34440645a99e	5	0.0002264102121786
21a0198d0a83a8f3ec0e401067138940	7	0.955322089903815
56c98126dde3abb2d263088db55e12c8	5	0.904530360531309
a659784c026bd9c8cde94da36aa656d7	4	0.0013584612730722
f16a387e898dbae6432b2ed0241120bd	4	0.863614800759013
3125abe90c7ae91aec06eb104d71845f	6	0.934158869331937
b383ade799e9c83c649cec37705a251d	5	0.904530360531309
3bf2fc236887eda11c969b84d30f9fbf	3	0.807820855614973
3cdd97ba69a504117de24626ba790e96	7	0.955322089903815
4132561a08d25757e4bee9f73ec4a70a	4	0.863614800759013
30faafef155964edd9db9374f36c45bf	5	0.904530360531309
9d3ec96491b522546acbdfa3b21b6071	3	0.807820855614973
fb4f7d9d3f91ac2f22a542fbd13019c1	5	0.904530360531309
b0f7e29de400c6b517b39230dc1b4365	11	0.201113143982672
393e6e2cbe258ed27a4ca0a2ee0d2cdc	6	0.934158869331937
1d17561d16d803f652b0d6bdd671c1cc	6	0.934158869331937
3982159c2603cacc4bc4893003bda323	4	0.863614800759013
b1e22f094d8c64fb56dbacf680dab8c9	8	0.0007440431931696
b92e89d105e0a6e09e5984879c4c7809	6	0.934158869331937
a5df9a825c3d8eeb228a6781c3db134c	6	0.934158869331937
ff3df50eea7490dd794148649c480fd3	4	0.863614800759013
3a1c2d5547ddb7f76306a042f8bef6a4	6	0.934158869331937
8da02c7114ba0d9ee40312926e037a8f	6	0.934158869331937
87899779aec8d38dfaf48d895cfe8021	3	0.807820855614973
d46bfd723f625e317606ae28580eba3e	9	0.980525013547817
145f11599b92ad3a4c93896b0edf8c0c	4	0.863614800759013
846cbaf603b77be035fe0cb61d14a23c	7	0.955322089903815
e8fb2b3d01d369dbb5d3764548193ae9	5	0.251121269622218
7eedfc5c8d0d6b8852fabb20d52a8c5d	6	0.934158869331937
c4f955168102011d272b685aa772c10a	4	0.863614800759013
513de43781dc4c2831eb83b23940d66b	4	0.863614800759013
13692c41b4bf5d577c28c278caafcddb	3	0.807820855614973
1d284bea12006c939c03d622ce2abd5e	4	0.863614800759013
24443b70088636edf08f0c9572d7faf4	1	
185df2b73b4805164470dfaea2d05223	6	0.934158869331937
2f4c5e75c0e4cdfcbddbe93ef1f410a3	7	0.955322089903815
1b963d0d7457ac133aed9497f03b5a64	2	0.732620320855615
bb370945a6777f712cfd963c55f2ff54	7	0.955322089903815
ed950935b660fb10449d5f229dc13fb9	1	
59fefb91cc66ef6930b0201e4bf24cbb	2	0.732620320855615
1f0a072da4906270a684a389c1586582	5	0.904530360531309
aa668eb01ca9dcc59aeb1454b600c8c8	2	0.732620320855615
724c43ad3632cb8c5c6230c874551bd2	2	0.732620320855615
44543d9c6bb193c64d38c9bdb6790eec	5	0.251121269622218
d3e265209c342d15d93a910e38ad9be2	5	0.904530360531309
626b8ee112be0ec208bb16445611d001	3	0.807820855614973
9590aed21545774c71a124f2b5200691	5	0.904530360531309
3a69cb2f27ac76a05405efbb5088d249	7	0.436588038997579
475741f076c42d2c75d2d63c14fe4d3f	3	0.390040106951872
8cd2a871fab61bdea4ef23a295c371cf	5	0.904530360531309
84755bc954af6d3b39bb4c369e5992e7	4	0.863614800759013
5437cb1c86c72638cbbc12896f88d1b1	6	0.934158869331937
848587c4a03949500c5815bd6edb7b6e	3	0.807820855614973
cba5f5b1153235425628bd77a28257c7	6	0.934158869331937
063fa4f5a6fa894f7f8243468324ac5e	4	0.863614800759013
49232f27012731b0a65805c0919e2bbc	2	0.264705882352941
4b8228f4d7d3809aa6827e8d9e11a9ae	7	0.955322089903815
c99439f78b73ffcf55858ae828aac608	3	0.807820855614973
2fa276cce32e900f0f68d30e460b8f61	6	0.934158869331937
4ce1be9cea00a1eb7f960600e1ff3cfa	3	0.807820855614973
1b75626f6834620dc2c729a1a81f497a	2	0.732620320855615
f023384b8f989d014dd2ead7f10db307	4	0.863614800759013
344b020d867e3210563eaf40b0c557ef	2	0.732620320855615
dd7e1e45831871f719cc3cd68f568e7c	1	
16564bc936c839c893f951bab613a30b	1	
24523c45ca39b6c81a01ce286c0c092b	4	0.863614800759013
b5bf6383b53e0add0d6589b73949462a	4	0.863614800759013
51ddb685cfb1775931489ebbd3eef6ca	4	0.863614800759013
c5b61a414bdb4305544bb4f941e0bfc9	1	
24dfe6a7325e4f2be7dbd522ef613e42	3	0.807820855614973
465e9cab9abce306c1e0f7459b325c33	2	0.732620320855615
3e2c7eb0316409806267a8d9845b0b13	3	0.390040106951872
136e9f5aa470119165e59d202fdb318c	4	0.863614800759013
b8b19c4f0719a5d5b965a0f50f05827c	1	
4a5387c4bc61f2d8f3d9d2de983ba556	2	0.732620320855615
77a517253ff10afeb78a37bc13d649a0	3	0.807820855614973
07b2b1c3771f46d82c90b20a79fb3d04	4	0.863614800759013
30a88dc67e6a522087c3dfc8019550a6	3	0.807820855614973
91d0b3b7c0329b9a164b6e04a181f1d6	2	0.732620320855615
14d168c89e381de6fc3091837a557e48	2	0.732620320855615
9616cf56be891f816aa7abc6a13c9e8f	2	0.732620320855615
fea5c05e9b8245c5ca46f6673f59e0bf	6	0.934158869331937
32875774cffdc8c820f91d8e86f9a0e6	3	0.807820855614973
67f9c74eeea5a4609bd1d2fab66ad3cc	3	0.807820855614973
ca96b8fd01aa6c508305bacac37da6c2	7	0.762501635804489
43a9c44adeac51fd3ab95081da56d02d	5	0.904530360531309
0bd7addf1b999f01ad58fec8412b8931	4	0.863614800759013
2e202c4e4e803dbc6d54c9e3117afedd	3	0.807820855614973
c18826df5af5da174f580164c805a38a	2	0.732620320855615
ae881162d813e498f40bf33b8e42d54a	6	0.934158869331937
fc1f49989e78fa71bc6404ff2a148576	4	0.863614800759013
62bf37c50994a06e6c8c93355ad1caa0	4	0.863614800759013
4b13979d719e78a50cb0eac34d72dec1	3	0.807820855614973
38aff035451e491e5905508b9a173fb6	7	0.955322089903815
0c4b17f88dae47697d3bceb3663f47ce	2	0.732620320855615
dd222108ed685d6a936d2011ea220998	2	0.732620320855615
7cdabbffaaa6cc6d9f478d91f312a8ee	1	
f99678fdc17d27a97c79faac3f2980a4	1	
126d3c82f184c4d9058cab124f287968	3	0.807820855614973
823698689031b0b9c2c5152f92ffc70f	3	0.807820855614973
9e1c6b703a4312cce306c7757688a351	3	0.807820855614973
1edc5497d3daf6d914427d32b71daa52	6	0.934158869331937
9f1913b781d2cde1c8a4c57b7dc2ab83	3	0.0892379679144386
96a7dbb0e2c57e289c05b82e2db880be	1	
201b6484b6abe3d4c587464be6cbd574	4	0.863614800759013
3b65e1db6742cc44493248fff266f564	1	
7dd981802694dec3ecdb61ee53805956	5	0.904530360531309
ecf9eb9fa3970ff27a221e626395c75d	1	
e7a3af060bcc6686986ddfdf5536fac8	4	0.863614800759013
10710d3d706451c3536228e4b7d146db	4	0.863614800759013
1c7d1f74c2c43b872972f974eb196915	8	0.970214726602543
55937e5781c91185e27a91216008e4ca	3	0.807820855614973
dab4d3e6078cfc510502a47c98e82081	2	0.732620320855615
d8f7f446987e67092b6256c10b1ee69e	4	0.863614800759013
0dcaf9358eddf685864afb883cdf2363	7	0.0002018731448489
9b0549bb6e63f681bf133d2c7996055d	8	0.0094187639663004
a0b0961c7ba318abff3e5a93f09f495e	3	0.807820855614973
868a4fe285b85fa1b8eb40071d5397be	3	0.807820855614973
7f99061140cbf6c9081a204380efd8e1	3	0.390040106951872
b00d44992702bd3743d7f353638d42f9	2	0.732620320855615
4fccea69a702bcb90cc0147c0fff2995	5	0.251121269622218
aadef7fba5a0754fb631409c11fb331f	3	0.807820855614973
ed75725613954c459019eec50b431f9f	4	0.863614800759013
c04b03fdea7f81c8c52fc540c50a24a4	4	0.863614800759013
6fea19332b7fb980e2124d0339c596c2	4	0.863614800759013
9acad60e1ad588fb9250aab68dee645d	1	
bfdc8d2e7693336b4f3781920d3fa253	3	0.807820855614973
cfe4948493ea1b183b006512be10924a	3	0.0892379679144386
80b20e907aa4fcf2309796bc303d151d	2	0.732620320855615
919764896275058362e55f0849d2b38b	2	0.732620320855615
9da7a39de7e82006cc9533681adf765a	2	0.732620320855615
f3194c2eb241f821239009ca55dbb30c	4	0.863614800759013
2ca928ad9749bb9726c35d6528fefec1	5	0.904530360531309
50e96bbd1a8267119529843a1acb43a5	5	0.904530360531309
5a02c9985adcd7543dff8c846cff62a5	4	0.863614800759013
54a5af5112600a1faf06be268f95616e	2	0.732620320855615
b428acd97e6af974db1b053a2bc2b5c8	2	0.732620320855615
53729ba7429e5bd2fe96229b14452bdc	5	0.251121269622218
3add7df323955b22d1cea664ef38165d	3	0.807820855614973
7f4909ae8d31a3995fa2c200c690a21f	5	0.904530360531309
7ee56e891d069e18c3c8eb866924a26c	2	0.732620320855615
8b111e12f8f73205bac732c7479a97e8	1	
66a605fcdaa020dbdd6136f241ea79d9	2	0.732620320855615
a1b971c01ce0b220275c218adbe717c1	5	0.904530360531309
e73fc2655e1cca4a2b1c419da3630c72	4	0.863614800759013
39b5567d2d979a9172c02435a5ede59d	1	
5df503c1ddf8f3f4ac9e49e983e3d7fd	3	0.807820855614973
e22afe3cb91239d19aeb01ba79015173	1	
5decdad9c550489629ce441d32a69a1c	3	0.807820855614973
c57b70d65a63c4bf9f12c179c2416839	2	0.732620320855615
ebd1dcd162acede67bb633c42c7b2ac2	2	0.732620320855615
e2c355360209f0b71b70b85ed0f9532d	3	0.807820855614973
da247df6fe91b74bf38d3ecc1c05b4b0	3	0.807820855614973
41cb0c62655aa8da8968a06cde0f14a1	2	0.732620320855615
2de266b1ffa8e9ec6383c98096caf8f0	1	
88b4862756df007aa0c6bc2ba049708b	4	0.863614800759013
6be3ad080a12e28c46c9ca4f94710ac7	3	0.0892379679144386
3b74a95b189e134bb34c191b7693455d	2	0.732620320855615
ba0941f03086680ee946a10dfe90cf12	2	0.732620320855615
6be678de197b54f9a04f6c984b91ef22	1	
01b99cb344ed2530f7d80897ffe257a9	3	0.807820855614973
0be23adca941c1335eb04db17dc66e98	4	0.863614800759013
28560cffcd31045fa07dd88557b43e05	5	0.904530360531309
1a4ff0ff25ff4e919711422c2f605519	5	0.904530360531309
101968ec709b68fcd964a68ff226dcd1	2	0.732620320855615
bb173654871d294466912ef22f685faa	2	0.732620320855615
58d6cee566e26e231916ccc2093ae053	6	0.934158869331937
30273eb317696f87e7b6fd37ada4bb8f	4	0.863614800759013
498ae808db957a63e20e836e1bf77f54	2	0.732620320855615
c9f68eb27669d95f1e365fc085b51ee6	1	
f9bc8716f02b0a22f03b1a686895aae1	1	
7fee9350277038eef98dee70b4190563	7	0.955322089903815
34e40677eda6fb724e9323b0835d5ab0	3	0.807820855614973
956d0a6f5a8e1d2fbb39df909cc14894	1	
0f2a155a57fe6d0bf34767080706b3e1	2	0.732620320855615
95f07780b7e9b8b504c2563e63950663	3	0.0892379679144386
0f55566622d8244073432b2e67b24baa	3	0.807820855614973
7f2aa6f3481a4039dcc8d1b8be32beb7	4	0.504053820941866
f094a383692eb30761eb3d5c93240236	2	0.732620320855615
ecbf086d6ccbe5e8c2a69d0afb144662	1	
c9a1082e87563e01347729352358bbcf	1	
48eda83fda558aea8fdd32b9c8dfff98	8	0.970214726602543
7a20f7055ca2c7462cfa6a7aef16ec28	2	0.732620320855615
ce0a68ef210192a51f60ec3eb8e3e92e	4	0.863614800759013
955d8fcbb35e8bc04c8df0c6aae34d34	2	0.732620320855615
4ab53e40e06f3a9b0b9b2669d8a52f65	1	
3f448350064694e647b284259bdebb91	1	
1c40ac02c49ea9e03881b0f183373417	2	0.0320855614973262
1a5ff65c7f309159df626f810d96ae8b	3	0.807820855614973
816b94bcd935ca38afe71fd1e3c5356c	3	0.807820855614973
5fb5ace22c46fefb30969da7bb0dcb74	5	0.904530360531309
fe98555e63f547c33b3987391cd34d5d	8	0.0094187639663004
5042942b77f5b924b8f8c11de37a3626	5	0.904530360531309
8659c05e82a2d1399cbc3fd26ab938e4	4	0.863614800759013
30ebe1a33c21c25c55e4fdbb5894b832	2	0.732620320855615
a5185df881810390f29afa3ba3ccf522	2	0.732620320855615
aee707afe3847427a6d3d34e31437923	3	0.807820855614973
3677e15d86603bf0a6bb50f8b010afe7	2	0.732620320855615
54b4964000ad1631e547c46a828ed1a0	3	0.807820855614973
cbb7ea319a7633cf0917c6e5cde0e923	2	0.732620320855615
acba6a53153faccd2c02a9c0e8a2d941	3	0.807820855614973
072698f9668d5a094cdc1a672acc4747	4	0.863614800759013
8c43291754ba53fa1e206f0ac7a18772	1	
d329ff7ff76454d2282c9f01c2798588	1	
2b148d88c49e316f85b6e7863089a886	3	0.807820855614973
1893b0ad352ee7db0f565bc4594e6dc6	1	
aa9f89f9af07d53e077462471423f3ab	5	0.904530360531309
921966b15e5f1508e8650d053443c385	3	0.807820855614973
d3f59bdb915bb43f2ecd96ad9296ae92	4	0.0253579437640159
ee7ce85e38500b28d9d79b63c7fbf9a6	3	0.807820855614973
e2f0caba18b002ca9762ed56167c6188	2	0.732620320855615
37c7d17f9e371c1e11a0e22b1ce15ab0	3	0.807820855614973
55ec4b057c122957d25013675512c73d	2	0.732620320855615
f8026fa73c97b3f69cf4369cf194fb8b	1	
edacf632dcadc21c328669befafe2af6	2	0.732620320855615
97e0a84031c426df75af82aeff951f26	2	0.732620320855615
de391a8294254c47e8f460325eea85f8	2	0.732620320855615
a70441600c181b747a763ce5a7414a3f	4	0.863614800759013
1f926dee6544b252d38067cc7753383a	2	0.732620320855615
f32674aec6d3fa6a7aa2323cb35699fc	3	0.807820855614973
7103ca740aeadee8bdf7cedaefac990b	1	
bfbf3b84b315e741c4345ebb43e2b9cc	3	0.807820855614973
68c05655a58355526692d3a1f0968aff	2	0.732620320855615
42872dc875fef6070dfa78984184c096	4	0.0253579437640159
a621ed0faf5f6d7f3ad8f5e66cd41faf	2	0.732620320855615
4516f28133b919f8d8039ece23d8dd2e	2	0.732620320855615
74c2326ccd0bc2bd9e0f23f15b79ea16	3	0.807820855614973
02ef9a59d6da8b642271166d3ffd1b52	2	0.732620320855615
22ed70e219c67c2bf4e20e0b144b12bb	1	
2cec2792e54f61e12e1a0b2507826118	2	0.732620320855615
3bb6760ebcd348e0c695a5fb5fccf994	2	0.732620320855615
3b795f0122b28b0e6a07bec73894acee	1	
ac809fd715cced98911f73f1dfb1ffb9	2	0.732620320855615
bcb349a220a0c33a6b780dbc29a25f71	2	0.732620320855615
a875cba4e2e4da128cec805cd014731f	5	0.0061130757288253
b8329e527429f07e08f04ecf93563779	1	
d9efe89c658c7996e7738e1bb777c9f0	1	
e0f1938338e6f9b8cf8408e672ee6cd1	3	0.807820855614973
c1dedbc2ee20ed310022b9a1976d56c4	1	
6de4955c509e8f32f905760cad0beeae	4	0.0013584612730722
8f0a7d866b4e5ebf1e34d0a44eb950a4	3	0.807820855614973
d8db52dac1023a8fa0e56e92670d7ac1	3	0.807820855614973
51757b1a0a985640893725af5d87d350	1	
726f76e9275bfa07ccb329dda324c58f	1	
c7ec57695a6d83b461eba523752755ec	3	0.807820855614973
41c686088d124f17c99dcf9bf3acf9d5	2	0.732620320855615
01ce91fd8dbecf637eb5e67cdab5c5aa	4	0.863614800759013
b1141c1ab18997c3339e8229e0b9f41a	3	0.807820855614973
c2562f279f2b32428e71ef8e8e1cd3d8	1	
66fb1fc4317badb5dfaec2bf8e5055d7	2	0.732620320855615
ce1d8d111ba2aaec28d68a04e483bf3f	2	0.732620320855615
d51cd90e95b57acb614698dc580759fb	1	
c5dfb8aa2b481cb89e2602fc20941587	2	0.732620320855615
04c7e0ea3038f942f5a28778a74cd1c0	3	0.390040106951872
d12759fe8dda1d65fe9077cc1ca9cf28	1	
44f993a57b632b8fde0c34ed075e1d66	4	0.863614800759013
6401660183a33dded59f163fc63aab4d	2	0.732620320855615
dc7d3610c77e7c118082f25002f26cd4	2	0.732620320855615
1e9fc37a1112b198ed3d0543db7863c8	3	0.390040106951872
685ea779ee012329ec2a171f1823f8a8	2	0.732620320855615
1c0a00b159b2154357cc9bc7499c58b2	2	0.732620320855615
b0ca0d2568c23c26c6704017eae471e1	3	0.807820855614973
1a8d25f7529d783a219ef689701dd4e2	3	0.807820855614973
aa24dbd408e5d69c6b0d62846145a244	3	0.807820855614973
cf8a25fe1a1b134a027842e7769a285b	1	
b1e686a5c5f127a8b92de2863503a9e5	2	0.732620320855615
459244e45f29ce28991de0114a16f9fa	2	0.732620320855615
491ef1635067f62c395bdffd58966092	2	0.732620320855615
a03aa6a23dc8f296567452ec2242a5fd	2	0.732620320855615
d32d15407d86a2044eead0d72cd3f9e7	2	0.732620320855615
bb2704c9052362b112da42bf843e7d9b	1	
955280212814a2050dd2f640e10fc25d	1	
684b032107a3a32f6664dea4ef723a42	5	0.904530360531309
d5ef913e6aee3067001dc610ac8af1d1	1	
e2cbf79a06f1221cf49d1bef8e5db9cd	2	0.732620320855615
3d6555a4886c6e4a89104136dd5ca39e	2	0.732620320855615
d1c7ee5172f16dda522e46aaa4e5fa79	1	
74106ca246bcf2da5c4f95b82aa6867a	1	
e80d9134b601511a2702b54268b57249	2	0.732620320855615
3111520c8424a2a5bdd46558ae7650e8	1	
867e71db0537674539934bf97db51bc0	4	0.504053820941866
8c255f9dc0be58d1389877ec645f1a17	1	
d30b3fb9c1dc7d9f0d4bd6ce8e975238	1	
b1413b635612c7db2c140bc671789ec7	1	
12ed71ced0f4e45c0aa5b37144e6f84b	5	0.0061130757288253
3597a2689efaf5525ce460494a8ac383	1	
3d6f762d8cda1915ad93d014e391c118	4	0.863614800759013
7595e123b71bdae8a8c1c28b7405a5c0	3	0.807820855614973
87a04eba5a3dc45f9e899d8ab4c050b4	2	0.732620320855615
cbc2f795edfaebaf35d10b85062b426d	1	
4738a05820f1a7840410c66476953498	3	0.807820855614973
d9095748835ade1b8914c5f57b6acbcf	2	0.732620320855615
1ca133f4d30ab344f11e6624e841d9cd	2	0.732620320855615
6f384c926424d43c215fbe9337d55324	1	
f4eefbd4edf2a372131825289fffcca6	2	0.732620320855615
9f4cdae8a020a8d9c4f54e5abf5a5769	4	0.863614800759013
752621a2dcf600f86357e9c2fa1fc985	2	0.732620320855615
6ffdeb862aed8aedda8a8624fa960c57	2	0.732620320855615
faf2bd479f04891ef2afba2f407749ac	3	0.807820855614973
5ed23cabf504db9af85bce57e9008ea2	1	
7cd67e7e02db4db794fd67ab72755f8b	1	
8163d49042bbad8871a7aab8527c9a97	3	0.807820855614973
31ed03e41d53de58a6348a242165c05b	2	0.732620320855615
0effb4592c11dcdd619141df770563e1	2	0.732620320855615
458462fa1e15c439f12deec2f19af933	1	
8bcc747f27b10bb3e1182fe530c7ed24	2	0.732620320855615
2ab2f3551b7aa27fd483fdcbaa1a0afb	2	0.732620320855615
1e00822422afb942c9955cd450385a8b	1	
9548347b69043c274ff7a1ce599a69ef	1	
8c5f2b5fce1b357f54ed4c8c047b6845	1	
33176e81f3e7ef2b9de1b783ff1ca33c	2	0.732620320855615
160029903cd9c779390f4719179aeea2	4	0.863614800759013
0741ae033054073fece98b9948ec4387	1	
6a9b2745a31a3e5ae16682a323c28a4d	1	
7fa8f515ee1ac5cb8b529b13e6a89790	1	
c81e310dae79b8767597762a093082c8	1	
51588a76b68ff3041e8b272256df5ae2	2	0.732620320855615
a3dc97e11838f1bf157aa875f2f6367d	1	
f351326f9505ffc18da207391818c48e	1	
53dd9f9a89854c8ebdcfb105b7a26df1	1	
fbf110ef5de76f86121c8504a0cb786e	4	0.863614800759013
f66effc279917d65747b7c3ef8d62432	1	
5c541619c0a084c6609e071895d9de55	1	
9b959f65abdb6cb9adc1d6160a5384ec	2	0.732620320855615
a826883ed572461c97a23561f7ecea3c	2	0.732620320855615
480b52afa972e6deb75357ec39db1998	1	
c961cc0ecd0ac693e2fb7dcf7794c3e5	1	
ff8c7f94f941a0c647120d4e142db316	2	0.732620320855615
e6df6369108817c93a749fa640528e92	2	0.732620320855615
e54bcf1c8ec24811e7c355b8d82fa59e	1	
cee164362eb3296a3d29e33f7b479d2e	1	
71e9ece7818452114b1e87f8145aefd5	2	0.732620320855615
ae4c61e598c093caa5b66b6919f02ba3	1	
a54095a893fd5abc045d162bbe20644a	1	
3253177a44672689e4e154e842d63e35	1	
45c36b8b2965484407b8b213419d4c6c	1	
e9f0399c43aff643ceb1480929cf89b2	1	
d985172bebaa0bbe61ff5f682d372c6e	1	
02878fe3ccc81d4c884ca5574178d6a0	1	
a841dd7e2f38b26bb7bb37179b4141d5	1	
63145f49e7efc26729094a53d97c0cd1	1	
f8fe4ee0ae3da9a1432872f5545a0d42	1	
678424c0e69dd311d2b536cfd69a91a4	2	0.732620320855615
99e6b8fa779ca2689cdc55d164e593e8	2	0.732620320855615
421da954b88f7175953a73ea34b933e0	2	0.732620320855615
20fb19136419ba2826c941aa152fa0eb	4	0.863614800759013
4aa8e1c58af1b89f613fe3bf2b81604e	2	0.732620320855615
816e266d71b9a9af9d3d74893dee443e	3	0.807820855614973
35b6dde81c92eb7f66ca9f741da3514e	1	
9df911e407318b496425698999a1d81f	2	0.732620320855615
b815913c61abb4a540babe5c3fae17e7	2	0.732620320855615
251eb140eb9387372897c5f7db6f954c	2	0.732620320855615
c66348656c079cbbc916b2c2832f311b	1	
4ea8ed64f727e17c2ecf3616119876eb	1	
2b6445815ec98d21dbe9640083f30d2f	1	
1e1e0cca52fab68a8c7ba5256aeadd6d	1	
1395953fab837ed426f9b2ba24da41b1	2	0.732620320855615
94ca1389331a3a9230237844cfd545f6	1	
15992a34ae0f42d6b5a21eeaaef674ba	1	
b46e36edac9cab660cec7ee6f1a335a3	4	0.863614800759013
2ce0fa88ec7cfdda2eeb0698cdad47e8	1	
82e72255267397b777a1afd44ea22755	1	
9d17e47f8102cca1e9a0a5b0776bb85a	2	0.732620320855615
4851a0c86e3c1b3f3c67e88d8a38960a	1	
025dd300b0ccbd9d5898969c2a1ab138	1	
9cd30ed12a411f643a9f6c145e3b59d8	1	
831514b8b3617bed49e2a4bd9d3d6268	1	
5b220f66423e4004eb3520bfae1f25d0	1	
959a178855242ad3833af85d38ccff45	1	
a6e9c3caf38d8be5744751bea41aa62f	1	
3f61c9eee7bfb0326d3efb8da077b0da	1	
9c6b4f83513e63a49ce33a8aeb1813ad	1	
f95cdb71258ef6cc222c673ea4546caf	1	
7e4d5b19d3213719048fe55dfad0da3a	1	
f8753b9f13abb306b57aedce2cf6e7d0	2	0.732620320855615
ae25381e186978a7230f03484baede7c	2	0.732620320855615
0310f41e594c49368dde5c5993a7a5d0	1	
de35e106a779f81d63e2e058bf18799c	2	0.264705882352941
c7312d5390945aa1e45badeeba28a998	1	
9584fe0b6843a9817e1c217bb65caea8	2	0.732620320855615
81fad06bda8cf753d87288f1d080da88	1	
9930e78f4486e70ced513d619dae53fb	1	
5e793ed595a0793ab477b17e78421bc5	1	
8b300bb35321f8c125cdc4c3a242bbc0	1	
54fa6da8dff69b9fec4b470312d21eb9	1	
457c3dbae079470f3cf0bf146c191e1f	1	
8fbf42d21b6c9c4a4e8e260ad1d6a1ab	1	
1efd43e712291698f34853dac3b67f54	1	
0f006e3e638afedde4892706134a4fb9	1	
8c001c89f020a1b78b26ee21d1d56746	2	0.732620320855615
1ea96d595539133266a3dbd49daac1e4	2	0.732620320855615
b2d056fa113334bd2797397b162c6ac9	1	
e03d5567ab978eb82490f359c51912b1	2	0.732620320855615
a5e8aaab366d42b670d589ada160581c	2	0.732620320855615
2328e11c4256f1f05395b7a377381279	1	
55f85b9f95aa14453f466b2ee388737b	2	0.732620320855615
9b07cccc73bd232ffb6edb9427194c06	1	
7456c5136c45202afcf8000e2a8a01c5	1	
99f9d85c50cec960adab2a3f0f401371	2	0.732620320855615
e6953e3ef3e20c6b169ef7a759d868df	1	
538c01338d48c71522ac629b17a01c9d	1	
76e8305b47ef8b35c452b5490589fc95	1	
328cf8ca7cded30705336cf036a2df45	1	
2b427cf77172293239bc1c1cdb32ace4	1	
2f09559bc1ffcc3ea06ae2766194920b	1	
73291cac0e802b6a1fb25ae7079390ef	1	
5a61388e52a8005b6747280b9332d2de	1	
37d242005eb3c4239ad2c00158ea99a1	2	0.732620320855615
72cbf125e17c4e14d748543564d3d4ec	1	
b3406cb10b6d6882837eaacbaec3553e	2	0.732620320855615
b65f8931698507015de2e1c5f0961cd3	1	
7b9b46a7c3fb8b76b1c68911a9b56da1	2	0.732620320855615
5ec803f68f3c48cd9ce6436ccbd5b1e3	2	0.732620320855615
2835a5008083ae7290acbca001520ad1	1	
0a50155a2def454344e1f2305eff7092	1	
bf6066f701b31c6bba541503797da013	2	0.732620320855615
ca1b627f011b52798bfb8fd2c6b76d20	1	
1a2d9f4af510ce624fa0337c3ea9fedc	2	0.732620320855615
f9c63350a2cdcada4a0be946f4e0025a	1	
6967d97d0d19d82633e2d05305850f80	1	
81026563293d6ed29eec4d7f73eab34d	4	0.863614800759013
e9849de9c0f7be74e13c457f05177aad	1	
b59d5976acdb148c29f724d6b7990410	2	0.732620320855615
bae6b03d63955f134b6e523285263226	2	0.732620320855615
14f2e2d783b09c74ccd36ed32cbeaddd	1	
8c12a12aedcd680ab7e259bfd627ff9a	1	
01173073677a287321be3484fbed0007	2	0.732620320855615
e6dfd15b38618c3c7ff0a025083f56d4	1	
33e2cadd9d0b2b4ebeb6261766032e4a	2	0.264705882352941
ea646f13713c1f3393a8b66afa03ff4a	1	
2a010fd0ac0d1761c2e64c9cd3fd97c4	1	
4cecaa1cfabe89a905940ae23dd94a64	1	
5454ea14c70f0323a5e836aba10947b8	1	
b8413d82d36f772b9a375231cb504579	1	
7a9e7bd6bd3444b67f37c95db2960d50	1	
9abbfb135a6fceeb2ae107b7be7cb133	1	
e7e23553bcb3b809fe953ff90c99da54	1	
217845ff2f7195cbc781eba1f7e7eaa1	1	
903752a32299a5fac9505d192dc16466	1	
9c773cfe6cd90b39267153cd9eac020e	1	
5202077471c942e678df50a8e4c706d6	1	
04fd81a94c775a5906f2d92cf0548e4d	1	
f1d63da515a0c96eb9f7af5de75655bb	2	0.732620320855615
6b350f9f82a39450e0894fe9138ad267	1	
167baae5fe04a754df7eb073c07adaa7	1	
e1e1ece9cc43057ec074912f7545a432	1	
43e4b46e2ba2455e3974874722cbd75a	2	0.732620320855615
76d0a9cc7116aeaa8d26bc09e768cbc4	2	0.732620320855615
f7a8c8f87af98f9c5f479beaadc0b892	1	
21c3086fa768008b7bee62d5d13b5366	2	0.732620320855615
d8adf2a20249cefe6c627f9c17abb202	1	
dd9d9aad1de9345686f5cc614c5616db	1	
0524cb6dcc8f60dafc09c46911c9d0ac	1	
63e29d89c820b4baafc3f5622946d6ee	1	
0316af109bb877b5c7a85ddecd6dfd1e	1	
c9ffd432429a7600931358e3a09860f5	1	
b18b389447d758e7cb173b4b4f2ad960	1	
f306a3c555687b1dc2c61372504fbbea	1	
bb823ca6d961133b2cd91e9377cefba7	1	
8935afd2b1d59a37191411131d75e9f6	1	
648532aadbacef2c7f8f8468a6146fb2	2	0.0320855614973262
124e839582c0a3329101182cb28619a8	1	
51b573b10d63a2cbe455deeef5bae002	1	
6bd57e46e038faafe4bb747e1d494df7	2	0.732620320855615
5cf1581a0381cd73e278302acd8751b1	3	0.807820855614973
3e7f7d8ab3a5fb0e3401a0fda19d8bcb	1	
ef4cafaa5121e47ff7f31d5553a66214	1	
e581d288eadb8d4527694b6fe7aa5df4	2	0.732620320855615
2c9e19a0423a00f8c17d8086a8ab39a5	1	
65fbdc4707be0814fa4faf52571cc2b5	1	
171930820a0db82224a948125002bf46	1	
f78c2a4fb584f61fc0fbd75c2cc22a99	1	
8406abe6d9a72018bf32d189d1340472	1	
5e76bbf2de9c36c591f8aab3784ffd1b	1	
5cb28bd0b2eea6847a6328712217c141	1	
50feebeace77894a50a224bf001c3502	1	
a9e0ac523112f40942da575caf1f386e	1	
029cc71dc93341de90188b686798aa0d	1	
58c63b4710a70a640cb86afa4d851178	1	
9d68bd5a8479880505cf88ab4695b5c5	1	
5c4ad81078908a3b228188a847d12f9e	1	
dbd1f3c3e0f401f60d44103595acdb69	1	
6fea6a26dbc4de9558be63f26f07f7fa	1	
58946a0b64aa351fd8e7b97d02d6639d	1	
b89da5ee2f75672a2656789aea91071d	1	
48a6cea7eaf29dcb52dc2985933f4249	1	
4e34087bb8399deb145896c92e1b58a5	1	
6b4a0a64da52980e7a1b1a770978bb88	1	
c23ddff0e5a041733d633d7bfb93e0cc	1	
3d3566af17e7e52ae5413956d004e657	1	
64222ae4c3f0f1cc06375a3814da355d	1	
ab402c6b9fa511b0aa2f968cddc364eb	1	
d45006a487d94665893aa9e759be4c97	1	
5546d0fe4a512f96a6d73509a1ec6e55	1	
40f13b077d41d6837ca6fae65763cf01	1	
26f1b1ff96f049f0e354df4c3d85efb0	1	
25087bd679769914988fc1e7c6d045ff	1	
6fda1de9604a1be1b99a41028226f4a7	1	
f9686d94e355b66c5324677db52b3aa4	1	
0bf5530da55bc16c52034db82e5434af	1	
9815d07f1b564c9be5aab03db01608da	1	
d37b36cd780fdec9627c298370571ed5	1	
5beb76b0d6631d10fc820c2d128d4cb6	1	
952fabf17975467e69af4ebb5efb0fb6	1	
cdf8a49dcdb0256a8ead65f65c752e40	1	
e83fa923d1e185d9c9de13ca3b37c8f2	1	
f6bb195f075d463c5e9b620a6a76dbfd	1	
a1759b9ca6b3363edacc599498d62b56	1	
d1dbb266dc8841470f3c42fe8f465507	1	
3b91757d40499fecfd75d1ad215fdd2e	1	
0b0a240a7ae19f3560d04427d753b603	1	
e0a941a7b62e87ae6301bce7185e5f4a	2	0.732620320855615
96802b28a3942cb6b7b40f4b9bfc0d99	1	
d4c5acaf755ef50d18008aa6c79f60b0	1	
a0daabc3e11deb9b43aafbf3c8e31e35	1	
e9d3af4175420ffab49c29d1a6bb2030	2	0.732620320855615
eb19aca9a5979db01ba9947baa292633	1	
8be3d398e9e6b768ed1aa713f2981204	1	
0335b1664150f1e151340b1450eae898	1	
42f7a4caf54667a21b5de3b888213935	1	
03178a409a41853ea09a94055e138e19	1	
ba3ff6e27b67596844f11db93e44c496	1	
af12fc27ee17864717830cafd06453cd	1	
1076b2b7de5233cc917c9425aa2ea200	2	0.732620320855615
a80183c045cf890899121db3bbcbd39d	1	
6bf95d9914dc404e98ebff522496533d	2	0.732620320855615
14732e0b78dbc03c20c505d7681b6820	1	
4042bf819b2707dcb567a04950667ec7	1	
d8469ca44fd367ae2aab986a57833586	1	
95b94ac4c1c3e18210f501268e56e50e	2	0.732620320855615
5656d8b980bfee07e29e8fc119850901	2	0.732620320855615
d002269a53cf1579adca5f0dadd4f332	1	
80b9cf8b7fde7d45e0bc84a9cf9ddd56	1	
464ff59b632870b5028ed3092b9443ff	1	
15c03c51375c7d03bd3dda24674b9936	1	
a3ebb6445ca32f39df9f84fe48525773	1	
47e6d3cd169787ff35f9a2278b8d4a2f	1	
e3f051168532c89bf76e329c715c35f5	1	
47fb251b4679084fee2dafef11c6bc4f	1	
9dd67b89e90b1517d6fc340bb1745e15	1	
75a61e0ca465f169e5d2ea2d19f8aefb	1	
b9e3d6fcb82de619e9e574be03ecaa41	1	
93982d4e0f9eb9a6179d6abd57560c26	1	
b61a4c5ec96e7276004c81cc845e2fec	1	
76d2032108822bcfaa90a4873f7a51aa	1	
47be834b0f9232d552e00a36fb3c626b	1	
90b16eca6a6edc00f49dfb5f72be8b61	1	
7d893311a14a858907d4c8ca21d32dc4	1	
2d832109f6396e0f93297efd12e1321e	1	
47fe572ed6a6b1d5f4a60a3884ec72e1	1	
77f79d776f3845bc2901cf9c4229de0b	1	
69e4868406c82bdfd67d2b449ca9f1d8	1	
e7709791d7ef6b47747de9fb43880d14	1	
f908d554fc6eeb9fef7a7028fa791475	1	
e3d37109be4a17d8437f6fcb6072982d	1	
09fc3d8a98c2ca72c69b63a51b5b564e	1	
3a31937521e389cbdf89ca01039e5ec3	1	
9f816758294dec368624eabd3595ec6f	1	
2a71af2786dfb7aeb7ac7d5372c41686	1	
59758d94cc7ed9a16526bfc9eb207575	2	0.732620320855615
190dfe815683ee977e120d35b3c83b7e	1	
1d7e45fd568a577b5a6a8b4a20743211	1	
498128a80a796620b238d8ad5cd1d2f9	1	
e2f6c7b758ac2c0476a7e31787dbba84	1	
df98cba64f84c4e8b7f7ea8396f4f3f9	1	
88191bcb077f725a8c8e37d74e110baa	1	
3b0e180ea70b1a946a6214eacb539c97	1	
84e6f7df01548135d92febfeae9a1ea6	1	
dd530a50ee0277096b0cbd210cdb80b2	1	
033511c7ff4fe93866075cfb9129aa3b	1	
216d5bb567182b6210e2c3dbc455f2b6	1	
a9541756b547061c02922f1a3a913fce	1	
059408ca99f1001f64e6df1e06fb951d	1	
111311cc108c483f3782c9214681ed19	1	
427e48835f176c1a367a14b39b882c58	1	
10ae3ca534ce9bb9f80822b4b4a6375c	1	
8cfda573467e6a959664801713cadba1	1	
73bca1b91fb8a80ee698f1833c073664	1	
fc8f87209db793f740eea731e64f0b2a	1	
9f6a3b261bc6acafa3d4a6d2de87f924	1	
b387961d274808e3ffed8c1594f4cd1c	1	
e1b32002ee69c4e3210a2a257511f96a	1	
6e342714744bf1b213ac0767d6c3998d	1	
14374c3f2fe75bb158b439ebe4a4ee87	1	
30d793622ebd90e7687dd3827701d46e	1	
fe72a66c85df0ab333e3a37d0332df67	1	
bc15061b61cf6b5002c58284591f97d4	1	
dbae1b46b67ad6769ea63d33ed3d44bf	1	
99acae6a2b24652d92a1ee4cbf8faca5	1	
d0dee8a51da30ed74bcadcd7d8e43537	1	
8bcec52021ee6467bf008848d55b7a9f	1	
32a4d183139d99ace97a18b276d7c169	1	
524f22cecc9957e9bf629b5fb0047adc	1	
2fe6a7331192dc6bf073d906fba93929	1	
be5ed9c02284fa6aa31037f0e2d93470	1	
8f146ce7c43f38ad3673dabe93c7c5bb	1	
8dc69d65ac9e71a130bc6dbeb71d2f03	1	
d30a7f0a26bd40402be57831cfa4da69	1	
26583b57be9de00bee14d30f2dc986d8	1	
254482075b19ff911db5e5cb26817498	1	
21b849f15da11a7cc5122773552e0fef	1	
f59aa47df669ef50955ce1a0512d3abf	1	
c89812744d8755bef87bedf499bd19cf	1	
f8fee8796e3188a996dfeca9e93f47e1	1	
a3a69f621716f9345def32e2b5e7b011	1	
5af6e343611d715985e35e7a3e5671cb	1	
317c0beca40f29f3aff863b8f028fd48	1	
85943cff5ec22653bc51c22adeabe685	1	
2c47de0940a8213b1ba751a7cd0b649b	1	
14b20f972cfa94f77bc33eccc5ffca4c	1	
9cd758ad7582755a7f52f2b003787795	1	
5d4a0085030ee808369a8f29be41e0d2	1	
c88977d348c943b60eea8f1571e9a7ee	1	
81e706ae981fcbfceea2ac547fdd7f26	1	
35bfc371d940cffdc527b7b4dc954456	1	
4a146c717d33b2f2719e648bd7d22059	1	
541947958ad35c1591eb3ef433141196	1	
a95851baf426c85eae4419617db902a7	1	
34f493c9b3b75210406fecac2dba0f22	1	
514a4ebb290842347e3f7ac7cbba276e	1	
cfce45c3a7af608093fd99677d635891	1	
ef571c059fe495366b01e977f7494fbc	1	
c73d4cf2ab0b699fb47d44488b82fd40	1	
f79e815e1e628908e4ab605022b0ac09	1	
23b560e97aacfd0422ed3f8a1104e7d7	1	
eed50a4877de2fd21b146b4f0c7327ac	1	
6d7d9658988c6e2b5e45ea087f1b9155	1	
502b6544978890cda2ece2d14bfdba01	1	
ca08eabd09756731f095632656d45b01	1	
694caec8dad781d338acf4a5b69c3058	1	
14e1a93cf2379225b1fd6ed0f186bacb	1	
6488fe0aaa024ba9c06647578b5a6caf	1	
5ce3a51e54f30fa53b1e56dc64d11340	1	
4d987a66ee0e67b68c5c4428097eb22e	1	
c3fd5b1d03591477953d49f0f19600c4	1	
08bd73939f7bfd85daf2eaee7e9c9bf8	1	
93a769a6b67e5f358eb9ad0e03c53ec3	1	
654f282fc504b4dc9af5b8e66a4d1a87	1	
895453b352ae060e0ec5f7721547a3d1	1	
b29143b255f4b97da62310d85fe9b7f3	1	
95dff3e66b8bdf4d8e509ceae4373c69	1	
da3328e15aae60ea55a8765511d0327e	1	
ebcbd71a778e6a1a776d2d50d0801fed	1	
c80037fe31359840bb73250f330b60e3	1	
bd759efe26a5b4b869d3fa5e4693080d	1	
723858f72b4469efb79c323f75bc181f	1	
8021f872c32700d46738f3591cb4c58a	1	
47c7eb4df73a5d553cd2f7a360ff5872	1	
ad492bcae03f566b36a19e31f04d659a	1	
eb8ef4756ed538fe480d979e740a04d8	1	
5db2cf37007f874e25eb2c901917e15a	1	
fa3729663b98de0c0af7913e9f30c19e	1	
504572e3afd673db749ee5e8e3e57b97	1	
a6b6f29a1196cacfc392e3d71f55e2a2	1	
0e5df3d01cc073e3c9674c2534169f03	1	
06845c67bc4203081a981200f33e87eb	1	
98d250a339a635f20e26397dafc6ced3	1	
1830c14ead81ad012f1db0e12f8ab6a4	1	
